|---------------------------------------------------------------------------------------|
|                                           v                                           |
|---------------------------------------------------------------------------------------|
| {"Keys":["AWS                                                                         |
| CloudFormation"],"Metrics":{"UnblendedCost":{"Amount":"0","Unit":"USD"}}}             |
|---------------------------------------------------------------------------------------|
| {"Keys":["AWS                                                                         |
| CloudShell"],"Metrics":{"UnblendedCost":{"Amount":"0.0000002152","Unit":"USD"}}}      |
|---------------------------------------------------------------------------------------|
| {"Keys":["AWS                                                                         |
| Config"],"Metrics":{"UnblendedCost":{"Amount":"1.679","Unit":"USD"}}}                 |
|---------------------------------------------------------------------------------------|
| {"Keys":["AWS                                                                         |
| Config"],"Metrics":{"UnblendedCost":{"Amount":"1.759","Unit":"USD"}}}                 |
|---------------------------------------------------------------------------------------|
| {"Keys":["AWS                                                                         |
| Config"],"Metrics":{"UnblendedCost":{"Amount":"1.806","Unit":"USD"}}}                 |
|---------------------------------------------------------------------------------------|
| {"Keys":["AWS                                                                         |
| Config"],"Metrics":{"UnblendedCost":{"Amount":"1.982","Unit":"USD"}}}                 |
|---------------------------------------------------------------------------------------|
| {"Keys":["AWS                                                                         |
| Glue"],"Metrics":{"UnblendedCost":{"Amount":"0","Unit":"USD"}}}                       |
|---------------------------------------------------------------------------------------|
| {"Keys":["AWS                                                                         |
| Glue"],"Metrics":{"UnblendedCost":{"Amount":"0","Unit":"USD"}}}                       |
|---------------------------------------------------------------------------------------|
| {"Keys":["AWS                                                                         |
| Glue"],"Metrics":{"UnblendedCost":{"Amount":"0","Unit":"USD"}}}                       |
|---------------------------------------------------------------------------------------|
| {"Keys":["AWS                                                                         |
| Glue"],"Metrics":{"UnblendedCost":{"Amount":"0","Unit":"USD"}}}                       |
|---------------------------------------------------------------------------------------|
| {"Keys":["AWS Key Management                                                          |
| Service"],"Metrics":{"UnblendedCost":{"Amount":"0.999999984","Unit":"USD"}}}          |
|---------------------------------------------------------------------------------------|
| {"Keys":["AWS Key Management                                                          |
| Service"],"Metrics":{"UnblendedCost":{"Amount":"4.163155008","Unit":"USD"}}}          |
|---------------------------------------------------------------------------------------|
| {"Keys":["AWS Key Management                                                          |
| Service"],"Metrics":{"UnblendedCost":{"Amount":"6.383010812","Unit":"USD"}}}          |
|---------------------------------------------------------------------------------------|
| {"Keys":["AWS Key Management                                                          |
| Service"],"Metrics":{"UnblendedCost":{"Amount":"6.4058586744","Unit":"USD"}}}         |
|---------------------------------------------------------------------------------------|
| {"Keys":["AWS                                                                         |
| Lambda"],"Metrics":{"UnblendedCost":{"Amount":"0","Unit":"USD"}}}                     |
|---------------------------------------------------------------------------------------|
| {"Keys":["AWS Secrets                                                                 |
| Manager"],"Metrics":{"UnblendedCost":{"Amount":"0","Unit":"USD"}}}                    |
|---------------------------------------------------------------------------------------|
| {"Keys":["AWS Secrets                                                                 |
| Manager"],"Metrics":{"UnblendedCost":{"Amount":"0","Unit":"USD"}}}                    |
|---------------------------------------------------------------------------------------|
| {"Keys":["AWS Secrets                                                                 |
| Manager"],"Metrics":{"UnblendedCost":{"Amount":"0","Unit":"USD"}}}                    |
|---------------------------------------------------------------------------------------|
| {"Keys":["AWS Secrets                                                                 |
| Manager"],"Metrics":{"UnblendedCost":{"Amount":"0","Unit":"USD"}}}                    |
|---------------------------------------------------------------------------------------|
| {"Keys":["Amazon                                                                      |
| DynamoDB"],"Metrics":{"UnblendedCost":{"Amount":"0.0051069546","Unit":"USD"}}}        |
|---------------------------------------------------------------------------------------|
| {"Keys":["Amazon                                                                      |
| DynamoDB"],"Metrics":{"UnblendedCost":{"Amount":"0.066691505","Unit":"USD"}}}         |
|---------------------------------------------------------------------------------------|
| {"Keys":["Amazon                                                                      |
| DynamoDB"],"Metrics":{"UnblendedCost":{"Amount":"0.0787472044","Unit":"USD"}}}        |
|---------------------------------------------------------------------------------------|
| {"Keys":["Amazon                                                                      |
| DynamoDB"],"Metrics":{"UnblendedCost":{"Amount":"0.1278523226","Unit":"USD"}}}        |
|---------------------------------------------------------------------------------------|
| {"Keys":["Amazon EC2 Container Registry                                               |
| (ECR)"],"Metrics":{"UnblendedCost":{"Amount":"0.0611570328","Unit":"USD"}}}           |
|---------------------------------------------------------------------------------------|
| {"Keys":["Amazon EC2 Container Registry                                               |
| (ECR)"],"Metrics":{"UnblendedCost":{"Amount":"0.0632658912","Unit":"USD"}}}           |
|---------------------------------------------------------------------------------------|
| {"Keys":["Amazon EC2 Container Registry                                               |
| (ECR)"],"Metrics":{"UnblendedCost":{"Amount":"0.0632658912","Unit":"USD"}}}           |
|---------------------------------------------------------------------------------------|
| {"Keys":["Amazon EC2 Container Registry                                               |
| (ECR)"],"Metrics":{"UnblendedCost":{"Amount":"0.063265896","Unit":"USD"}}}            |
|---------------------------------------------------------------------------------------|
| {"Keys":["Amazon Elastic Compute Cloud -                                              |
| Compute"],"Metrics":{"UnblendedCost":{"Amount":"20.445402","Unit":"USD"}}}            |
|---------------------------------------------------------------------------------------|
| {"Keys":["Amazon Elastic Compute Cloud -                                              |
| Compute"],"Metrics":{"UnblendedCost":{"Amount":"26.2821332206","Unit":"USD"}}}        |
|---------------------------------------------------------------------------------------|
| {"Keys":["Amazon Elastic Compute Cloud -                                              |
| Compute"],"Metrics":{"UnblendedCost":{"Amount":"27.1268","Unit":"USD"}}}              |
|---------------------------------------------------------------------------------------|
| {"Keys":["Amazon Elastic Compute Cloud -                                              |
| Compute"],"Metrics":{"UnblendedCost":{"Amount":"27.1546234373","Unit":"USD"}}}        |
|---------------------------------------------------------------------------------------|
| {"Keys":["Amazon Location                                                             |
| Service"],"Metrics":{"UnblendedCost":{"Amount":"0.001455","Unit":"USD"}}}             |
|---------------------------------------------------------------------------------------|
| {"Keys":["Amazon Location                                                             |
| Service"],"Metrics":{"UnblendedCost":{"Amount":"0.001554","Unit":"USD"}}}             |
|---------------------------------------------------------------------------------------|
| {"Keys":["Amazon Location                                                             |
| Service"],"Metrics":{"UnblendedCost":{"Amount":"0.001584","Unit":"USD"}}}             |
|---------------------------------------------------------------------------------------|
| {"Keys":["Amazon Location                                                             |
| Service"],"Metrics":{"UnblendedCost":{"Amount":"0.001653","Unit":"USD"}}}             |
|---------------------------------------------------------------------------------------|
| {"Keys":["Amazon Simple Notification                                                  |
| Service"],"Metrics":{"UnblendedCost":{"Amount":"0","Unit":"USD"}}}                    |
|---------------------------------------------------------------------------------------|
| {"Keys":["Amazon Simple Notification                                                  |
| Service"],"Metrics":{"UnblendedCost":{"Amount":"0","Unit":"USD"}}}                    |
|---------------------------------------------------------------------------------------|
| {"Keys":["Amazon Simple Notification                                                  |
| Service"],"Metrics":{"UnblendedCost":{"Amount":"0","Unit":"USD"}}}                    |
|---------------------------------------------------------------------------------------|
| {"Keys":["Amazon Simple Notification                                                  |
| Service"],"Metrics":{"UnblendedCost":{"Amount":"0","Unit":"USD"}}}                    |
|---------------------------------------------------------------------------------------|
| {"Keys":["Amazon Simple Queue                                                         |
| Service"],"Metrics":{"UnblendedCost":{"Amount":"0","Unit":"USD"}}}                    |
|---------------------------------------------------------------------------------------|
| {"Keys":["Amazon Simple Queue                                                         |
| Service"],"Metrics":{"UnblendedCost":{"Amount":"0","Unit":"USD"}}}                    |
|---------------------------------------------------------------------------------------|
| {"Keys":["Amazon Simple Queue                                                         |
| Service"],"Metrics":{"UnblendedCost":{"Amount":"0","Unit":"USD"}}}                    |
|---------------------------------------------------------------------------------------|
| {"Keys":["Amazon Simple Queue                                                         |
| Service"],"Metrics":{"UnblendedCost":{"Amount":"0","Unit":"USD"}}}                    |
|---------------------------------------------------------------------------------------|
| {"Keys":["Amazon Simple Storage                                                       |
| Service"],"Metrics":{"UnblendedCost":{"Amount":"0.0473099157","Unit":"USD"}}}         |
|---------------------------------------------------------------------------------------|
| {"Keys":["Amazon Simple Storage                                                       |
| Service"],"Metrics":{"UnblendedCost":{"Amount":"0.3545428953","Unit":"USD"}}}         |
|---------------------------------------------------------------------------------------|
| {"Keys":["Amazon Simple Storage                                                       |
| Service"],"Metrics":{"UnblendedCost":{"Amount":"0.3908839969","Unit":"USD"}}}         |
|---------------------------------------------------------------------------------------|
| {"Keys":["Amazon Simple Storage                                                       |
| Service"],"Metrics":{"UnblendedCost":{"Amount":"0.6006374463","Unit":"USD"}}}         |
|---------------------------------------------------------------------------------------|
| {"Keys":["Amazon Virtual Private                                                      |
| Cloud"],"Metrics":{"UnblendedCost":{"Amount":"10.8008","Unit":"USD"}}}                |
|---------------------------------------------------------------------------------------|
| {"Keys":["Amazon Virtual Private                                                      |
| Cloud"],"Metrics":{"UnblendedCost":{"Amount":"11.16","Unit":"USD"}}}                  |
|---------------------------------------------------------------------------------------|
| {"Keys":["Amazon Virtual Private                                                      |
| Cloud"],"Metrics":{"UnblendedCost":{"Amount":"47.5634987792","Unit":"USD"}}}          |
|---------------------------------------------------------------------------------------|
| {"Keys":["Amazon Virtual Private                                                      |
| Cloud"],"Metrics":{"UnblendedCost":{"Amount":"8.857988885","Unit":"USD"}}}            |
|---------------------------------------------------------------------------------------|
| {"Keys":["AmazonCloudWatch"],"Metrics":{"UnblendedCost":{"Amount":"0","Unit":"USD"}}} |
|---------------------------------------------------------------------------------------|
| {"Keys":["AmazonCloudWatch"],"Metrics":{"UnblendedCost":{"Amount":"0","Unit":"USD"}}} |
|---------------------------------------------------------------------------------------|
| {"Keys":["AmazonCloudWatch"],"Metrics":{"UnblendedCost":{"Amount":"0","Unit":"USD"}}} |
|---------------------------------------------------------------------------------------|
| {"Keys":["AmazonCloudWatch"],"Metrics":{"UnblendedCost":{"Amount":"0","Unit":"USD"}}} |
|---------------------------------------------------------------------------------------|
| {"Keys":["EC2 -                                                                       |
| Other"],"Metrics":{"UnblendedCost":{"Amount":"1.8325932937","Unit":"USD"}}}           |
|---------------------------------------------------------------------------------------|
| {"Keys":["EC2 -                                                                       |
| Other"],"Metrics":{"UnblendedCost":{"Amount":"2.3042661799","Unit":"USD"}}}           |
|---------------------------------------------------------------------------------------|
| {"Keys":["EC2 -                                                                       |
| Other"],"Metrics":{"UnblendedCost":{"Amount":"2.3043115302","Unit":"USD"}}}           |
|---------------------------------------------------------------------------------------|
| {"Keys":["EC2 -                                                                       |
| Other"],"Metrics":{"UnblendedCost":{"Amount":"50.9307417991","Unit":"USD"}}}          |
|---------------------------------------------------------------------------------------|
| {"Keys":["Tax"],"Metrics":{"UnblendedCost":{"Amount":"14.04","Unit":"USD"}}}          |
|---------------------------------------------------------------------------------------|
| {"Keys":["Tax"],"Metrics":{"UnblendedCost":{"Amount":"3.42","Unit":"USD"}}}           |
|---------------------------------------------------------------------------------------|
| {"Keys":["Tax"],"Metrics":{"UnblendedCost":{"Amount":"4.58","Unit":"USD"}}}           |
|---------------------------------------------------------------------------------------|
| {"Keys":["Tax"],"Metrics":{"UnblendedCost":{"Amount":"4.94","Unit":"USD"}}}           |
|---------------------------------------------------------------------------------------|