|------------------------------------------------------------------------------------------------------------------------------------------|---------------|
|                                                                    id                                                                    |   location    |
|------------------------------------------------------------------------------------------------------------------------------------------|---------------|
| /subscriptions/10001000-1000-1000-1000-100010001000/resourceGroups/STACKQL-TESTING-01/providers/Microsoft.Compute/sshPublicKeys/test_key | australiaeast |
|------------------------------------------------------------------------------------------------------------------------------------------|---------------|
