|-------------|--------------------------------------------------------------------------------------------------------------------------------------|-----------|
|    role     |                                                               members                                                                | condition |
|-------------|--------------------------------------------------------------------------------------------------------------------------------------|-----------|
| roles/owner | ["serviceAccount:testproject-provisioner@testproject.iam.gserviceaccount.com","user:joeblow@testorg.io","user:johnsmith@testorg.io"] | null      |
|-------------|--------------------------------------------------------------------------------------------------------------------------------------|-----------|