|-----------|
|    id     |
|-----------|
| 100000002 |
|-----------|
| 100000001 |
|-----------|
