|-----------------------|-----------|------|
|       VolumeId        | Encrypted | Size |
|-----------------------|-----------|------|
| vol-00100000000000000 | false     |   10 |
|-----------------------|-----------|------|
| vol-00200000000000000 | false     |    8 |
|-----------------------|-----------|------|
