|---------------------------------------------------------|
|                           url                           |
|---------------------------------------------------------|
| https://api.github.com/repos/dummyorg/dummyapp.io/pages |
|---------------------------------------------------------|
