|------------------------------|
|             name             |
|------------------------------|
| feature/flow-control-rebased |
|------------------------------|
| feature/flow-control         |
|------------------------------|
| bugfix/select-schema-default |
|------------------------------|
| bugfix/nil-check             |
|------------------------------|
