|-------------------------|---------------------|
|          kind           |        name         |
|-------------------------|---------------------|
| compute#acceleratorType | nvidia-tesla-t4-vws |
|-------------------------|---------------------|
| compute#acceleratorType | nvidia-tesla-t4     |
|-------------------------|---------------------|
| compute#acceleratorType | nvidia-tesla-p4-vws |
|-------------------------|---------------------|
| compute#acceleratorType | nvidia-tesla-p4     |
|-------------------------|---------------------|
