|--------------------|
|        name        |
|--------------------|
| p9-c2-standard-8   |
|--------------------|
| p9-c2-standard-60  |
|--------------------|
| p9-c2-standard-4   |
|--------------------|
| p9-c2-standard-30  |
|--------------------|
| p9-c2-standard-16  |
|--------------------|
| p8-c2-standard-8   |
|--------------------|
| p8-c2-standard-60  |
|--------------------|
| p8-c2-standard-4   |
|--------------------|
| p8-c2-standard-30  |
|--------------------|
| p8-c2-standard-16  |
|--------------------|
| p7-c2-standard-8   |
|--------------------|
| p7-c2-standard-60  |
|--------------------|
| p7-c2-standard-4   |
|--------------------|
| p7-c2-standard-30  |
|--------------------|
| p7-c2-standard-16  |
|--------------------|
| p6-c2-standard-8   |
|--------------------|
| p6-c2-standard-60  |
|--------------------|
| p6-c2-standard-4   |
|--------------------|
| p6-c2-standard-30  |
|--------------------|
| p6-c2-standard-16  |
|--------------------|
| p5-c2-standard-8   |
|--------------------|
| p5-c2-standard-60  |
|--------------------|
| p5-c2-standard-4   |
|--------------------|
| p5-c2-standard-30  |
|--------------------|
| p5-c2-standard-16  |
|--------------------|
| p4-c2-standard-8   |
|--------------------|
| p4-c2-standard-60  |
|--------------------|
| p4-c2-standard-4   |
|--------------------|
| p4-c2-standard-30  |
|--------------------|
| p4-c2-standard-16  |
|--------------------|
| p3-c2-standard-8   |
|--------------------|
| p3-c2-standard-60  |
|--------------------|
| p3-c2-standard-4   |
|--------------------|
| p3-c2-standard-30  |
|--------------------|
| p3-c2-standard-16  |
|--------------------|
| p20-c2-standard-8  |
|--------------------|
| p20-c2-standard-60 |
|--------------------|
| p20-c2-standard-4  |
|--------------------|
| p20-c2-standard-30 |
|--------------------|
| p20-c2-standard-16 |
|--------------------|
| p2-c2-standard-8   |
|--------------------|
| p2-c2-standard-60  |
|--------------------|
| p2-c2-standard-4   |
|--------------------|
| p2-c2-standard-30  |
|--------------------|
| p2-c2-standard-16  |
|--------------------|
| p19-c2-standard-8  |
|--------------------|
| p19-c2-standard-60 |
|--------------------|
| p19-c2-standard-4  |
|--------------------|
| p19-c2-standard-30 |
|--------------------|
| p19-c2-standard-16 |
|--------------------|
| p18-c2-standard-8  |
|--------------------|
| p18-c2-standard-60 |
|--------------------|
| p18-c2-standard-4  |
|--------------------|
| p18-c2-standard-30 |
|--------------------|
| p18-c2-standard-16 |
|--------------------|
| p17-c2-standard-8  |
|--------------------|
| p17-c2-standard-60 |
|--------------------|
| p17-c2-standard-4  |
|--------------------|
| p17-c2-standard-30 |
|--------------------|
| p17-c2-standard-16 |
|--------------------|
| p16-c2-standard-8  |
|--------------------|
| p16-c2-standard-60 |
|--------------------|
| p16-c2-standard-4  |
|--------------------|
| p16-c2-standard-30 |
|--------------------|
| p16-c2-standard-16 |
|--------------------|
| p15-c2-standard-8  |
|--------------------|
| p15-c2-standard-60 |
|--------------------|
| p15-c2-standard-4  |
|--------------------|
| p15-c2-standard-30 |
|--------------------|
| p15-c2-standard-16 |
|--------------------|
| p14-c2-standard-8  |
|--------------------|
| p14-c2-standard-60 |
|--------------------|
| p14-c2-standard-4  |
|--------------------|
| p14-c2-standard-30 |
|--------------------|
| p14-c2-standard-16 |
|--------------------|
| p13-c2-standard-8  |
|--------------------|
| p13-c2-standard-60 |
|--------------------|
| p13-c2-standard-4  |
|--------------------|
| p13-c2-standard-30 |
|--------------------|
| p13-c2-standard-16 |
|--------------------|
| p12-c2-standard-8  |
|--------------------|
| p12-c2-standard-60 |
|--------------------|
| p12-c2-standard-4  |
|--------------------|
| p12-c2-standard-30 |
|--------------------|
| p12-c2-standard-16 |
|--------------------|
| p11-c2-standard-8  |
|--------------------|
| p11-c2-standard-60 |
|--------------------|
| p11-c2-standard-4  |
|--------------------|
| p11-c2-standard-30 |
|--------------------|
| p11-c2-standard-16 |
|--------------------|
| p10-c2-standard-8  |
|--------------------|
| p10-c2-standard-60 |
|--------------------|
| p10-c2-standard-4  |
|--------------------|
| p10-c2-standard-30 |
|--------------------|
| p10-c2-standard-16 |
|--------------------|
| p1-c2-standard-8   |
|--------------------|
| p1-c2-standard-60  |
|--------------------|
| p1-c2-standard-4   |
|--------------------|
| p1-c2-standard-30  |
|--------------------|
| p1-c2-standard-16  |
|--------------------|