|-----------|----------------------|--------------------------------------|-----------|-------------------|
| userName  |      externalId      |                  id                  |   login   | is_two_fa_enabled |
|-----------|----------------------|--------------------------------------|-----------|-------------------|
| octocat   | 00u1dhhb1fkIGP7RL1d8 | 5fc0c238-1112-11e8-8e45-920c87bdbd75 | octocat   | null              |
|-----------|----------------------|--------------------------------------|-----------|-------------------|
| crazydude | 00u1dhhb1fkIGP7RL1d9 | 5fc0c238-1112-11e8-8e45-920c87bdbd76 | crazydude | null              |
|-----------|----------------------|--------------------------------------|-----------|-------------------|