|------------|-------------------------------------------|
|  UserName  |                    Arn                    |
|------------|-------------------------------------------|
| NewUser    | arn:aws:iam::100000000001:user/NewUser    |
|------------|-------------------------------------------|
| joe.blow   | arn:aws:iam::100000000001:user/joe.blow   |
|------------|-------------------------------------------|
| john.smith | arn:aws:iam::100000000001:user/john.smith |
|------------|-------------------------------------------|