|---------------------------------------------------------------------------------------------|--------------|--------------------------------------------------------------------------------------------------------------------|--------------------|-----------------------------------------------------------------------------------------------------------------|-----------------------------------------------------------------------------------------------------------------|--------|
|                                            zone                                             |     name     |                                                    machineType                                                     | deletionProtection |                                                                                                                 |                                                                                                                 | labels |
|---------------------------------------------------------------------------------------------|--------------|--------------------------------------------------------------------------------------------------------------------|--------------------|-----------------------------------------------------------------------------------------------------------------|-----------------------------------------------------------------------------------------------------------------|--------|
| https://www.googleapis.com/compute/v1/projects/testing-project/zones/australia-southeast1-a | instance-1-c | https://www.googleapis.com/compute/v1/projects/testing-project/zones/australia-southeast1-a/machineTypes/e2-medium | false              | [{\"boot\": true, \"initializeParams\": { \"diskSizeGb\": \"10\", \"sourceImage\":                              | [{\"boot\": true, \"initializeParams\": { \"diskSizeGb\": \"10\", \"sourceImage\":                              | null   |
|                                                                                             |              |                                                                                                                    |                    | \"https://www.googleapis.com/compute/v1/projects/ubuntu-os-cloud/global/images/ubuntu-2004-focal-v20220610\"}}] | \"https://www.googleapis.com/compute/v1/projects/ubuntu-os-cloud/global/images/ubuntu-2004-focal-v20220610\"}}] |        |
|---------------------------------------------------------------------------------------------|--------------|--------------------------------------------------------------------------------------------------------------------|--------------------|-----------------------------------------------------------------------------------------------------------------|-----------------------------------------------------------------------------------------------------------------|--------|
| https://www.googleapis.com/compute/v1/projects/testing-project/zones/australia-southeast1-a | instance-1-b | https://www.googleapis.com/compute/v1/projects/testing-project/zones/australia-southeast1-a/machineTypes/e2-medium | false              | [{\"boot\": true, \"initializeParams\": { \"diskSizeGb\": \"10\", \"sourceImage\":                              | [{\"boot\": true, \"initializeParams\": { \"diskSizeGb\": \"10\", \"sourceImage\":                              | null   |
|                                                                                             |              |                                                                                                                    |                    | \"https://www.googleapis.com/compute/v1/projects/ubuntu-os-cloud/global/images/ubuntu-2004-focal-v20220610\"}}] | \"https://www.googleapis.com/compute/v1/projects/ubuntu-os-cloud/global/images/ubuntu-2004-focal-v20220610\"}}] |        |
|---------------------------------------------------------------------------------------------|--------------|--------------------------------------------------------------------------------------------------------------------|--------------------|-----------------------------------------------------------------------------------------------------------------|-----------------------------------------------------------------------------------------------------------------|--------|
| https://www.googleapis.com/compute/v1/projects/testing-project/zones/australia-southeast1-a | instance-1   | https://www.googleapis.com/compute/v1/projects/testing-project/zones/australia-southeast1-a/machineTypes/e2-medium | false              | [{\"boot\": true, \"initializeParams\": { \"diskSizeGb\": \"10\", \"sourceImage\":                              | [{\"boot\": true, \"initializeParams\": { \"diskSizeGb\": \"10\", \"sourceImage\":                              | null   |
|                                                                                             |              |                                                                                                                    |                    | \"https://www.googleapis.com/compute/v1/projects/debian-cloud/global/images/debian-11-bullseye-v20220519\"}}]   | \"https://www.googleapis.com/compute/v1/projects/debian-cloud/global/images/debian-11-bullseye-v20220519\"}}]   |        |
|---------------------------------------------------------------------------------------------|--------------|--------------------------------------------------------------------------------------------------------------------|--------------------|-----------------------------------------------------------------------------------------------------------------|-----------------------------------------------------------------------------------------------------------------|--------|